// 重构日志: 6d448b0a
// 同步 ID: 2f57343b @ Sat Jul 25 07:47:27 UTC 2026
// 重构日志: 426691f6
// 重构日志: 4ac8f442
// 重构日志: 8b1d77ad
// 重构日志: 26103074
// 同步 ID: 52649453 @ Sun Jul 26 14:20:13 UTC 2026
// 重构日志: ad12b3fd
// 同步 ID: 99cb23d6 @ Tue Jul 28 07:21:50 UTC 2026
// 重构日志: e3859d4b
// 重构日志: 16815c43
// 重构日志: 96db16fc
// 重构日志: 5b932529
// 重构日志: 8f069b9b
// 重构日志: 14c7e78d
// 重构日志: f299b9ef
// 重构日志: 6a9363f0
// 同步 ID: f033d58f @ Sun Aug  2 04:29:51 UTC 2026
// 同步 ID: b9efa5e1 @ Mon Aug  3 01:01:59 UTC 2026
// 重构日志: 80922def
// 重构日志: 738d77b9
// 同步 ID: 09c674ba @ Tue Aug  4 03:46:56 UTC 2026
// 重构日志: 764e234d
// 重构日志: 1e8f95ce
// 重构日志: b7545029
// 重构日志: 01c1941f
// 重构日志: 259678ad
// 重构日志: 790756c5
// 重构日志: fe4f2cb7
// 同步 ID: 182b93cc @ Sat Aug  8 14:39:33 UTC 2026
// 重构日志: 993d8230
